// Jest Snapshot v1, https://goo.gl/fbAQLP

exports[`src/components/display/counterLabel should display the label 1`] = `<span />`;
