// Jest Snapshot v1, https://goo.gl/fbAQLP

exports[`src/components/display/block should display the account balance 1`] = `
<div>
  Content
</div>
`;
